2026-04-06 11:57:21 [main] INFO  c.trailbuddy.TrailBuddyApplication - Starting TrailBuddyApplication using Java 21.0.10 with PID 35176 (C:\Users\shrik\Desktop\localguide\localguide\backend\target\classes started by shrik in C:\Users\shrik\Desktop\localguide\localguide\backend)
2026-04-06 11:57:21 [main] DEBUG c.trailbuddy.TrailBuddyApplication - Running with Spring Boot v3.2.5, Spring v6.1.6
2026-04-06 11:57:21 [main] INFO  c.trailbuddy.TrailBuddyApplication - No active profile set, falling back to 1 default profile: "default"
2026-04-06 11:57:22 [main] INFO  o.s.d.r.c.RepositoryConfigurationDelegate - Bootstrapping Spring Data JPA repositories in DEFAULT mode.
2026-04-06 11:57:22 [main] INFO  o.s.d.r.c.RepositoryConfigurationDelegate - Finished Spring Data repository scanning in 71 ms. Found 10 JPA repository interfaces.
2026-04-06 11:57:24 [main] INFO  o.s.b.w.e.tomcat.TomcatWebServer - Tomcat initialized with port 8080 (http)
2026-04-06 11:57:24 [main] INFO  o.a.catalina.core.StandardService - Starting service [Tomcat]
2026-04-06 11:57:24 [main] INFO  o.a.catalina.core.StandardEngine - Starting Servlet engine: [Apache Tomcat/10.1.20]
2026-04-06 11:57:24 [main] INFO  o.a.c.c.C.[.[localhost].[/api] - Initializing Spring embedded WebApplicationContext
2026-04-06 11:57:24 [main] INFO  o.s.b.w.s.c.ServletWebServerApplicationContext - Root WebApplicationContext: initialization completed in 2660 ms
2026-04-06 11:57:24 [main] INFO  o.h.jpa.internal.util.LogHelper - HHH000204: Processing PersistenceUnitInfo [name: default]
2026-04-06 11:57:24 [main] INFO  org.hibernate.Version - HHH000412: Hibernate ORM core version 6.4.4.Final
2026-04-06 11:57:24 [main] INFO  o.h.c.i.RegionFactoryInitiator - HHH000026: Second-level cache disabled
2026-04-06 11:57:25 [main] INFO  o.s.o.j.p.SpringPersistenceUnitInfo - No LoadTimeWeaver setup: ignoring JPA class transformer
2026-04-06 11:57:25 [main] INFO  com.zaxxer.hikari.HikariDataSource - HikariPool-1 - Starting...
2026-04-06 11:57:25 [main] INFO  com.zaxxer.hikari.pool.HikariPool - HikariPool-1 - Added connection com.mysql.cj.jdbc.ConnectionImpl@5b2ff4df
2026-04-06 11:57:25 [main] INFO  com.zaxxer.hikari.HikariDataSource - HikariPool-1 - Start completed.
2026-04-06 11:57:25 [main] WARN  org.hibernate.orm.deprecation - HHH90000025: MySQLDialect does not need to be specified explicitly using 'hibernate.dialect' (remove the property setting and it will be selected by default)
2026-04-06 11:57:27 [main] INFO  o.h.e.t.j.p.i.JtaPlatformInitiator - HHH000489: No JTA platform available (set 'hibernate.transaction.jta.platform' to enable JTA platform integration)
2026-04-06 11:57:27 [main] INFO  o.s.o.j.LocalContainerEntityManagerFactoryBean - Initialized JPA EntityManagerFactory for persistence unit 'default'
2026-04-06 11:57:27 [main] INFO  o.s.d.j.r.query.QueryEnhancerFactory - Hibernate is in classpath; If applicable, HQL parser will be used.
2026-04-06 11:57:28 [main] DEBUG c.t.security.JwtAuthenticationFilter - Filter 'jwtAuthenticationFilter' configured for use
2026-04-06 11:57:30 [main] INFO  o.s.b.a.e.web.EndpointLinksResolver - Exposing 3 endpoint(s) beneath base path '/actuator'
2026-04-06 11:57:30 [main] INFO  c.trailbuddy.security.SecurityConfig - Configuring SecurityFilterChain - context path is /api
2026-04-06 11:57:30 [main] INFO  c.trailbuddy.security.SecurityConfig - SecurityFilterChain configured successfully
2026-04-06 11:57:30 [main] INFO  o.s.s.web.DefaultSecurityFilterChain - Will secure any request with [org.springframework.security.web.session.DisableEncodeUrlFilter@1f22d7e4, org.springframework.security.web.context.request.async.WebAsyncManagerIntegrationFilter@311f8821, org.springframework.security.web.context.SecurityContextHolderFilter@6f42c61f, org.springframework.security.web.header.HeaderWriterFilter@40d013cb, org.springframework.web.filter.CorsFilter@7d1237a3, org.springframework.security.web.authentication.logout.LogoutFilter@7dd322a, com.trailbuddy.security.JwtAuthenticationFilter@42ffa0c8, org.springframework.security.web.savedrequest.RequestCacheAwareFilter@c56c25b, org.springframework.security.web.servletapi.SecurityContextHolderAwareRequestFilter@316b57e0, org.springframework.security.web.authentication.AnonymousAuthenticationFilter@5d93ad98, org.springframework.security.web.session.SessionManagementFilter@43d1e124, org.springframework.security.web.access.ExceptionTranslationFilter@4945520, org.springframework.security.web.access.intercept.AuthorizationFilter@7ebc78f1]
2026-04-06 11:57:31 [main] INFO  o.s.b.w.e.tomcat.TomcatWebServer - Tomcat started on port 8080 (http) with context path '/api'
2026-04-06 11:57:31 [main] INFO  o.s.m.s.b.SimpleBrokerMessageHandler - Starting...
2026-04-06 11:57:31 [main] INFO  o.s.m.s.b.SimpleBrokerMessageHandler - BrokerAvailabilityEvent[available=true, SimpleBrokerMessageHandler [org.springframework.messaging.simp.broker.DefaultSubscriptionRegistry@3dad282e]]
2026-04-06 11:57:31 [main] INFO  o.s.m.s.b.SimpleBrokerMessageHandler - Started.
2026-04-06 11:57:31 [main] INFO  c.trailbuddy.TrailBuddyApplication - Started TrailBuddyApplication in 9.974 seconds (process running for 10.413)
2026-04-06 11:57:31 [main] DEBUG org.hibernate.SQL - 
    select
        r1_0.id,
        r1_0.created_at,
        r1_0.description,
        r1_0.name,
        r1_0.updated_at 
    from
        roles r1_0 
    where
        r1_0.name=?
2026-04-06 11:57:31 [main] DEBUG org.hibernate.SQL - 
    select
        r1_0.id,
        r1_0.created_at,
        r1_0.description,
        r1_0.name,
        r1_0.updated_at 
    from
        roles r1_0 
    where
        r1_0.name=?
2026-04-06 11:57:31 [main] DEBUG org.hibernate.SQL - 
    select
        r1_0.id,
        r1_0.created_at,
        r1_0.description,
        r1_0.name,
        r1_0.updated_at 
    from
        roles r1_0 
    where
        r1_0.name=?
2026-04-06 11:57:31 [main] DEBUG org.hibernate.SQL - 
    select
        u1_0.id 
    from
        users u1_0 
    where
        u1_0.email=? 
    limit
        ?
2026-04-06 11:57:31 [main] DEBUG org.hibernate.SQL - 
    select
        u1_0.id,
        u1_0.created_at,
        u1_0.email,
        u1_0.email_verified,
        u1_0.first_name,
        u1_0.is_active,
        u1_0.last_login,
        u1_0.last_name,
        u1_0.password_hash,
        u1_0.phone,
        u1_0.phone_verified,
        u1_0.profile_image_url,
        u1_0.updated_at 
    from
        users u1_0 
    where
        u1_0.email=?
2026-04-06 11:57:31 [main] DEBUG org.hibernate.SQL - 
    select
        g1_0.id,
        g1_0.aadhar_number,
        g1_0.aadhar_verified,
        g1_0.admin_notes,
        g1_0.approved_at,
        g1_0.approved_by,
        g1_0.average_rating,
        g1_0.bio,
        g1_0.city,
        g1_0.created_at,
        g1_0.daily_rate,
        g1_0.experience_years,
        g1_0.expertise_areas,
        g1_0.hourly_rate,
        g1_0.is_approved,
        g1_0.is_available,
        g1_0.is_verified,
        g1_0.languages,
        g1_0.rejection_reason,
        g1_0.state,
        g1_0.total_bookings,
        g1_0.total_reviews,
        g1_0.updated_at,
        g1_0.user_id,
        u1_0.id,
        u1_0.created_at,
        u1_0.email,
        u1_0.email_verified,
        u1_0.first_name,
        u1_0.is_active,
        u1_0.last_login,
        u1_0.last_name,
        u1_0.password_hash,
        u1_0.phone,
        u1_0.phone_verified,
        u1_0.profile_image_url,
        r1_0.user_id,
        r1_1.id,
        r1_1.created_at,
        r1_1.description,
        r1_1.name,
        r1_1.updated_at,
        u1_0.updated_at,
        g1_0.verification_documents 
    from
        guides g1_0 
    join
        users u1_0 
            on u1_0.id=g1_0.user_id 
    left join
        user_roles r1_0 
            on u1_0.id=r1_0.user_id 
    left join
        roles r1_1 
            on r1_1.id=r1_0.role_id 
    where
        g1_0.user_id=?
2026-04-06 11:57:31 [main] DEBUG org.hibernate.SQL - 
    select
        r1_0.user_id,
        r1_1.id,
        r1_1.created_at,
        r1_1.description,
        r1_1.name,
        r1_1.updated_at 
    from
        user_roles r1_0 
    join
        roles r1_1 
            on r1_1.id=r1_0.role_id 
    where
        r1_0.user_id=?
2026-04-06 11:57:31 [main] DEBUG org.hibernate.SQL - 
    select
        u1_0.id 
    from
        users u1_0 
    where
        u1_0.email=? 
    limit
        ?
2026-04-06 11:57:31 [main] DEBUG org.hibernate.SQL - 
    select
        u1_0.id,
        u1_0.created_at,
        u1_0.email,
        u1_0.email_verified,
        u1_0.first_name,
        u1_0.is_active,
        u1_0.last_login,
        u1_0.last_name,
        u1_0.password_hash,
        u1_0.phone,
        u1_0.phone_verified,
        u1_0.profile_image_url,
        u1_0.updated_at 
    from
        users u1_0 
    where
        u1_0.email=?
2026-04-06 11:57:31 [main] DEBUG org.hibernate.SQL - 
    select
        g1_0.id,
        g1_0.aadhar_number,
        g1_0.aadhar_verified,
        g1_0.admin_notes,
        g1_0.approved_at,
        g1_0.approved_by,
        g1_0.average_rating,
        g1_0.bio,
        g1_0.city,
        g1_0.created_at,
        g1_0.daily_rate,
        g1_0.experience_years,
        g1_0.expertise_areas,
        g1_0.hourly_rate,
        g1_0.is_approved,
        g1_0.is_available,
        g1_0.is_verified,
        g1_0.languages,
        g1_0.rejection_reason,
        g1_0.state,
        g1_0.total_bookings,
        g1_0.total_reviews,
        g1_0.updated_at,
        g1_0.user_id,
        u1_0.id,
        u1_0.created_at,
        u1_0.email,
        u1_0.email_verified,
        u1_0.first_name,
        u1_0.is_active,
        u1_0.last_login,
        u1_0.last_name,
        u1_0.password_hash,
        u1_0.phone,
        u1_0.phone_verified,
        u1_0.profile_image_url,
        r1_0.user_id,
        r1_1.id,
        r1_1.created_at,
        r1_1.description,
        r1_1.name,
        r1_1.updated_at,
        u1_0.updated_at,
        g1_0.verification_documents 
    from
        guides g1_0 
    join
        users u1_0 
            on u1_0.id=g1_0.user_id 
    left join
        user_roles r1_0 
            on u1_0.id=r1_0.user_id 
    left join
        roles r1_1 
            on r1_1.id=r1_0.role_id 
    where
        g1_0.user_id=?
2026-04-06 11:57:31 [main] DEBUG org.hibernate.SQL - 
    select
        u1_0.id 
    from
        users u1_0 
    where
        u1_0.email=? 
    limit
        ?
2026-04-06 11:57:31 [main] DEBUG org.hibernate.SQL - 
    select
        u1_0.id,
        u1_0.created_at,
        u1_0.email,
        u1_0.email_verified,
        u1_0.first_name,
        u1_0.is_active,
        u1_0.last_login,
        u1_0.last_name,
        u1_0.password_hash,
        u1_0.phone,
        u1_0.phone_verified,
        u1_0.profile_image_url,
        u1_0.updated_at 
    from
        users u1_0 
    where
        u1_0.email=?
2026-04-06 11:57:31 [main] DEBUG org.hibernate.SQL - 
    select
        g1_0.id,
        g1_0.aadhar_number,
        g1_0.aadhar_verified,
        g1_0.admin_notes,
        g1_0.approved_at,
        g1_0.approved_by,
        g1_0.average_rating,
        g1_0.bio,
        g1_0.city,
        g1_0.created_at,
        g1_0.daily_rate,
        g1_0.experience_years,
        g1_0.expertise_areas,
        g1_0.hourly_rate,
        g1_0.is_approved,
        g1_0.is_available,
        g1_0.is_verified,
        g1_0.languages,
        g1_0.rejection_reason,
        g1_0.state,
        g1_0.total_bookings,
        g1_0.total_reviews,
        g1_0.updated_at,
        g1_0.user_id,
        u1_0.id,
        u1_0.created_at,
        u1_0.email,
        u1_0.email_verified,
        u1_0.first_name,
        u1_0.is_active,
        u1_0.last_login,
        u1_0.last_name,
        u1_0.password_hash,
        u1_0.phone,
        u1_0.phone_verified,
        u1_0.profile_image_url,
        r1_0.user_id,
        r1_1.id,
        r1_1.created_at,
        r1_1.description,
        r1_1.name,
        r1_1.updated_at,
        u1_0.updated_at,
        g1_0.verification_documents 
    from
        guides g1_0 
    join
        users u1_0 
            on u1_0.id=g1_0.user_id 
    left join
        user_roles r1_0 
            on u1_0.id=r1_0.user_id 
    left join
        roles r1_1 
            on r1_1.id=r1_0.role_id 
    where
        g1_0.user_id=?
2026-04-06 11:57:31 [main] DEBUG org.hibernate.SQL - 
    select
        u1_0.id 
    from
        users u1_0 
    where
        u1_0.email=? 
    limit
        ?
2026-04-06 11:57:31 [main] DEBUG org.hibernate.SQL - 
    select
        u1_0.id,
        u1_0.created_at,
        u1_0.email,
        u1_0.email_verified,
        u1_0.first_name,
        u1_0.is_active,
        u1_0.last_login,
        u1_0.last_name,
        u1_0.password_hash,
        u1_0.phone,
        u1_0.phone_verified,
        u1_0.profile_image_url,
        u1_0.updated_at 
    from
        users u1_0 
    where
        u1_0.email=?
2026-04-06 11:57:31 [main] DEBUG org.hibernate.SQL - 
    select
        g1_0.id,
        g1_0.aadhar_number,
        g1_0.aadhar_verified,
        g1_0.admin_notes,
        g1_0.approved_at,
        g1_0.approved_by,
        g1_0.average_rating,
        g1_0.bio,
        g1_0.city,
        g1_0.created_at,
        g1_0.daily_rate,
        g1_0.experience_years,
        g1_0.expertise_areas,
        g1_0.hourly_rate,
        g1_0.is_approved,
        g1_0.is_available,
        g1_0.is_verified,
        g1_0.languages,
        g1_0.rejection_reason,
        g1_0.state,
        g1_0.total_bookings,
        g1_0.total_reviews,
        g1_0.updated_at,
        g1_0.user_id,
        u1_0.id,
        u1_0.created_at,
        u1_0.email,
        u1_0.email_verified,
        u1_0.first_name,
        u1_0.is_active,
        u1_0.last_login,
        u1_0.last_name,
        u1_0.password_hash,
        u1_0.phone,
        u1_0.phone_verified,
        u1_0.profile_image_url,
        r1_0.user_id,
        r1_1.id,
        r1_1.created_at,
        r1_1.description,
        r1_1.name,
        r1_1.updated_at,
        u1_0.updated_at,
        g1_0.verification_documents 
    from
        guides g1_0 
    join
        users u1_0 
            on u1_0.id=g1_0.user_id 
    left join
        user_roles r1_0 
            on u1_0.id=r1_0.user_id 
    left join
        roles r1_1 
            on r1_1.id=r1_0.role_id 
    where
        g1_0.user_id=?
2026-04-06 11:57:31 [main] DEBUG org.hibernate.SQL - 
    select
        r1_0.id,
        r1_0.created_at,
        r1_0.description,
        r1_0.name,
        r1_0.updated_at 
    from
        roles r1_0 
    where
        r1_0.name=?
2026-04-06 11:57:31 [main] DEBUG org.hibernate.SQL - 
    select
        r1_0.id,
        r1_0.created_at,
        r1_0.description,
        r1_0.name,
        r1_0.updated_at 
    from
        roles r1_0 
    where
        r1_0.name=?
2026-04-06 11:57:31 [main] DEBUG org.hibernate.SQL - 
    select
        r1_0.id,
        r1_0.created_at,
        r1_0.description,
        r1_0.name,
        r1_0.updated_at 
    from
        roles r1_0 
    where
        r1_0.name=?
2026-04-06 11:57:31 [main] DEBUG org.hibernate.SQL - 
    select
        r1_0.id,
        r1_0.created_at,
        r1_0.description,
        r1_0.name,
        r1_0.updated_at 
    from
        roles r1_0 
    where
        r1_0.name=?
2026-04-06 11:57:31 [main] DEBUG org.hibernate.SQL - 
    select
        g1_0.id,
        g1_0.aadhar_number,
        g1_0.aadhar_verified,
        g1_0.admin_notes,
        g1_0.approved_at,
        g1_0.approved_by,
        g1_0.average_rating,
        g1_0.bio,
        g1_0.city,
        g1_0.created_at,
        g1_0.daily_rate,
        g1_0.experience_years,
        g1_0.expertise_areas,
        g1_0.hourly_rate,
        g1_0.is_approved,
        g1_0.is_available,
        g1_0.is_verified,
        g1_0.languages,
        g1_0.rejection_reason,
        g1_0.state,
        g1_0.total_bookings,
        g1_0.total_reviews,
        g1_0.updated_at,
        g1_0.user_id,
        g1_0.verification_documents 
    from
        guides g1_0 
    where
        g1_0.user_id=?
2026-04-06 11:57:31 [main] DEBUG org.hibernate.SQL - 
    select
        u1_0.id,
        u1_0.created_at,
        u1_0.email,
        u1_0.email_verified,
        u1_0.first_name,
        g1_0.id,
        g1_0.aadhar_number,
        g1_0.aadhar_verified,
        g1_0.admin_notes,
        g1_0.approved_at,
        g1_0.approved_by,
        g1_0.average_rating,
        g1_0.bio,
        g1_0.city,
        g1_0.created_at,
        g1_0.daily_rate,
        g1_0.experience_years,
        g1_0.expertise_areas,
        g1_0.hourly_rate,
        g1_0.is_approved,
        g1_0.is_available,
        g1_0.is_verified,
        g1_0.languages,
        g1_0.rejection_reason,
        g1_0.state,
        g1_0.total_bookings,
        g1_0.total_reviews,
        g1_0.updated_at,
        g1_0.user_id,
        g1_0.verification_documents,
        u1_0.is_active,
        u1_0.last_login,
        u1_0.last_name,
        u1_0.password_hash,
        u1_0.phone,
        u1_0.phone_verified,
        u1_0.profile_image_url,
        r1_0.user_id,
        r1_1.id,
        r1_1.created_at,
        r1_1.description,
        r1_1.name,
        r1_1.updated_at,
        u1_0.updated_at 
    from
        users u1_0 
    left join
        guides g1_0 
            on u1_0.id=g1_0.user_id 
    left join
        user_roles r1_0 
            on u1_0.id=r1_0.user_id 
    left join
        roles r1_1 
            on r1_1.id=r1_0.role_id 
    where
        u1_0.id=?
2026-04-06 11:57:31 [main] DEBUG org.hibernate.SQL - 
    select
        g1_0.id,
        g1_0.aadhar_number,
        g1_0.aadhar_verified,
        g1_0.admin_notes,
        g1_0.approved_at,
        g1_0.approved_by,
        g1_0.average_rating,
        g1_0.bio,
        g1_0.city,
        g1_0.created_at,
        g1_0.daily_rate,
        g1_0.experience_years,
        g1_0.expertise_areas,
        g1_0.hourly_rate,
        g1_0.is_approved,
        g1_0.is_available,
        g1_0.is_verified,
        g1_0.languages,
        g1_0.rejection_reason,
        g1_0.state,
        g1_0.total_bookings,
        g1_0.total_reviews,
        g1_0.updated_at,
        g1_0.user_id,
        g1_0.verification_documents 
    from
        guides g1_0 
    where
        g1_0.user_id=?
2026-04-06 11:57:31 [main] DEBUG org.hibernate.SQL - 
    select
        u1_0.id,
        u1_0.created_at,
        u1_0.email,
        u1_0.email_verified,
        u1_0.first_name,
        g1_0.id,
        g1_0.aadhar_number,
        g1_0.aadhar_verified,
        g1_0.admin_notes,
        g1_0.approved_at,
        g1_0.approved_by,
        g1_0.average_rating,
        g1_0.bio,
        g1_0.city,
        g1_0.created_at,
        g1_0.daily_rate,
        g1_0.experience_years,
        g1_0.expertise_areas,
        g1_0.hourly_rate,
        g1_0.is_approved,
        g1_0.is_available,
        g1_0.is_verified,
        g1_0.languages,
        g1_0.rejection_reason,
        g1_0.state,
        g1_0.total_bookings,
        g1_0.total_reviews,
        g1_0.updated_at,
        g1_0.user_id,
        g1_0.verification_documents,
        u1_0.is_active,
        u1_0.last_login,
        u1_0.last_name,
        u1_0.password_hash,
        u1_0.phone,
        u1_0.phone_verified,
        u1_0.profile_image_url,
        r1_0.user_id,
        r1_1.id,
        r1_1.created_at,
        r1_1.description,
        r1_1.name,
        r1_1.updated_at,
        u1_0.updated_at 
    from
        users u1_0 
    left join
        guides g1_0 
            on u1_0.id=g1_0.user_id 
    left join
        user_roles r1_0 
            on u1_0.id=r1_0.user_id 
    left join
        roles r1_1 
            on r1_1.id=r1_0.role_id 
    where
        u1_0.id=?
2026-04-06 11:57:31 [main] DEBUG org.hibernate.SQL - 
    select
        b1_0.id,
        b1_0.cancellation_reason,
        b1_0.created_at,
        b1_0.end_date,
        b1_0.end_time,
        b1_0.guide_id,
        b1_0.guide_earnings,
        b1_0.platform_fee,
        b1_0.razorpay_order_id,
        b1_0.special_requirements,
        b1_0.start_date,
        b1_0.start_time,
        b1_0.status,
        b1_0.total_amount,
        b1_0.updated_at,
        b1_0.user_id 
    from
        bookings b1_0 
    left join
        users u1_0 
            on u1_0.id=b1_0.user_id 
    where
        u1_0.id=? 
        and b1_0.status=?
2026-04-06 11:57:31 [main] DEBUG org.hibernate.SQL - 
    select
        g1_0.id,
        g1_0.aadhar_number,
        g1_0.aadhar_verified,
        g1_0.admin_notes,
        g1_0.approved_at,
        g1_0.approved_by,
        g1_0.average_rating,
        g1_0.bio,
        g1_0.city,
        g1_0.created_at,
        g1_0.daily_rate,
        g1_0.experience_years,
        g1_0.expertise_areas,
        g1_0.hourly_rate,
        g1_0.is_approved,
        g1_0.is_available,
        g1_0.is_verified,
        g1_0.languages,
        g1_0.rejection_reason,
        g1_0.state,
        g1_0.total_bookings,
        g1_0.total_reviews,
        g1_0.updated_at,
        g1_0.user_id,
        u1_0.id,
        u1_0.created_at,
        u1_0.email,
        u1_0.email_verified,
        u1_0.first_name,
        u1_0.is_active,
        u1_0.last_login,
        u1_0.last_name,
        u1_0.password_hash,
        u1_0.phone,
        u1_0.phone_verified,
        u1_0.profile_image_url,
        r1_0.user_id,
        r1_1.id,
        r1_1.created_at,
        r1_1.description,
        r1_1.name,
        r1_1.updated_at,
        u1_0.updated_at,
        g1_0.verification_documents 
    from
        guides g1_0 
    join
        users u1_0 
            on u1_0.id=g1_0.user_id 
    left join
        user_roles r1_0 
            on u1_0.id=r1_0.user_id 
    left join
        roles r1_1 
            on r1_1.id=r1_0.role_id 
    where
        g1_0.id=?
2026-04-06 11:57:31 [main] DEBUG org.hibernate.SQL - 
    select
        p1_0.id,
        p1_0.amount,
        p1_0.booking_id,
        p1_0.created_at,
        p1_0.currency,
        p1_0.payment_date,
        p1_0.payment_method,
        p1_0.payment_status,
        p1_0.razorpay_order_id,
        p1_0.razorpay_payment_id,
        p1_0.razorpay_signature,
        p1_0.refund_amount,
        p1_0.refund_id,
        p1_0.refunded_at,
        p1_0.updated_at,
        p1_0.user_id 
    from
        payments p1_0 
    where
        p1_0.booking_id=?
2026-04-06 11:57:31 [main] DEBUG org.hibernate.SQL - 
    select
        r1_0.id,
        r1_0.booking_id,
        r1_0.created_at,
        r1_0.guide_id,
        r1_0.helpful_count,
        r1_0.is_public,
        r1_0.rating,
        r1_0.review_text,
        r1_0.updated_at,
        r1_0.user_id 
    from
        reviews r1_0 
    where
        r1_0.booking_id=?
2026-04-06 11:57:31 [main] DEBUG org.hibernate.SQL - 
    select
        u1_0.id,
        u1_0.created_at,
        u1_0.email,
        u1_0.email_verified,
        u1_0.first_name,
        g1_0.id,
        g1_0.aadhar_number,
        g1_0.aadhar_verified,
        g1_0.admin_notes,
        g1_0.approved_at,
        g1_0.approved_by,
        g1_0.average_rating,
        g1_0.bio,
        g1_0.city,
        g1_0.created_at,
        g1_0.daily_rate,
        g1_0.experience_years,
        g1_0.expertise_areas,
        g1_0.hourly_rate,
        g1_0.is_approved,
        g1_0.is_available,
        g1_0.is_verified,
        g1_0.languages,
        g1_0.rejection_reason,
        g1_0.state,
        g1_0.total_bookings,
        g1_0.total_reviews,
        g1_0.updated_at,
        g1_0.user_id,
        g1_0.verification_documents,
        u1_0.is_active,
        u1_0.last_login,
        u1_0.last_name,
        u1_0.password_hash,
        u1_0.phone,
        u1_0.phone_verified,
        u1_0.profile_image_url,
        r1_0.user_id,
        r1_1.id,
        r1_1.created_at,
        r1_1.description,
        r1_1.name,
        r1_1.updated_at,
        u1_0.updated_at 
    from
        users u1_0 
    left join
        guides g1_0 
            on u1_0.id=g1_0.user_id 
    left join
        user_roles r1_0 
            on u1_0.id=r1_0.user_id 
    left join
        roles r1_1 
            on r1_1.id=r1_0.role_id 
    where
        u1_0.id=?
2026-04-06 11:57:31 [main] DEBUG org.hibernate.SQL - 
    select
        g1_0.id,
        g1_0.aadhar_number,
        g1_0.aadhar_verified,
        g1_0.admin_notes,
        g1_0.approved_at,
        g1_0.approved_by,
        g1_0.average_rating,
        g1_0.bio,
        g1_0.city,
        g1_0.created_at,
        g1_0.daily_rate,
        g1_0.experience_years,
        g1_0.expertise_areas,
        g1_0.hourly_rate,
        g1_0.is_approved,
        g1_0.is_available,
        g1_0.is_verified,
        g1_0.languages,
        g1_0.rejection_reason,
        g1_0.state,
        g1_0.total_bookings,
        g1_0.total_reviews,
        g1_0.updated_at,
        g1_0.user_id,
        u1_0.id,
        u1_0.created_at,
        u1_0.email,
        u1_0.email_verified,
        u1_0.first_name,
        u1_0.is_active,
        u1_0.last_login,
        u1_0.last_name,
        u1_0.password_hash,
        u1_0.phone,
        u1_0.phone_verified,
        u1_0.profile_image_url,
        r1_0.user_id,
        r1_1.id,
        r1_1.created_at,
        r1_1.description,
        r1_1.name,
        r1_1.updated_at,
        u1_0.updated_at,
        g1_0.verification_documents 
    from
        guides g1_0 
    join
        users u1_0 
            on u1_0.id=g1_0.user_id 
    left join
        user_roles r1_0 
            on u1_0.id=r1_0.user_id 
    left join
        roles r1_1 
            on r1_1.id=r1_0.role_id 
    where
        g1_0.id=?
2026-04-06 11:57:31 [main] DEBUG org.hibernate.SQL - 
    select
        p1_0.id,
        p1_0.amount,
        p1_0.booking_id,
        p1_0.created_at,
        p1_0.currency,
        p1_0.payment_date,
        p1_0.payment_method,
        p1_0.payment_status,
        p1_0.razorpay_order_id,
        p1_0.razorpay_payment_id,
        p1_0.razorpay_signature,
        p1_0.refund_amount,
        p1_0.refund_id,
        p1_0.refunded_at,
        p1_0.updated_at,
        p1_0.user_id 
    from
        payments p1_0 
    where
        p1_0.booking_id=?
2026-04-06 11:57:31 [main] DEBUG org.hibernate.SQL - 
    select
        r1_0.id,
        r1_0.booking_id,
        r1_0.created_at,
        r1_0.guide_id,
        r1_0.helpful_count,
        r1_0.is_public,
        r1_0.rating,
        r1_0.review_text,
        r1_0.updated_at,
        r1_0.user_id 
    from
        reviews r1_0 
    where
        r1_0.booking_id=?
2026-04-06 11:57:31 [main] DEBUG org.hibernate.SQL - 
    select
        b1_0.id,
        b1_0.cancellation_reason,
        b1_0.created_at,
        b1_0.end_date,
        b1_0.end_time,
        b1_0.guide_id,
        b1_0.guide_earnings,
        b1_0.platform_fee,
        b1_0.razorpay_order_id,
        b1_0.special_requirements,
        b1_0.start_date,
        b1_0.start_time,
        b1_0.status,
        b1_0.total_amount,
        b1_0.updated_at,
        b1_0.user_id 
    from
        bookings b1_0 
    left join
        users u1_0 
            on u1_0.id=b1_0.user_id 
    where
        u1_0.id=? 
        and b1_0.status=?
2026-04-06 11:57:31 [main] DEBUG org.hibernate.SQL - 
    select
        g1_0.id,
        g1_0.aadhar_number,
        g1_0.aadhar_verified,
        g1_0.admin_notes,
        g1_0.approved_at,
        g1_0.approved_by,
        g1_0.average_rating,
        g1_0.bio,
        g1_0.city,
        g1_0.created_at,
        g1_0.daily_rate,
        g1_0.experience_years,
        g1_0.expertise_areas,
        g1_0.hourly_rate,
        g1_0.is_approved,
        g1_0.is_available,
        g1_0.is_verified,
        g1_0.languages,
        g1_0.rejection_reason,
        g1_0.state,
        g1_0.total_bookings,
        g1_0.total_reviews,
        g1_0.updated_at,
        g1_0.user_id,
        u1_0.id,
        u1_0.created_at,
        u1_0.email,
        u1_0.email_verified,
        u1_0.first_name,
        u1_0.is_active,
        u1_0.last_login,
        u1_0.last_name,
        u1_0.password_hash,
        u1_0.phone,
        u1_0.phone_verified,
        u1_0.profile_image_url,
        r1_0.user_id,
        r1_1.id,
        r1_1.created_at,
        r1_1.description,
        r1_1.name,
        r1_1.updated_at,
        u1_0.updated_at,
        g1_0.verification_documents 
    from
        guides g1_0 
    join
        users u1_0 
            on u1_0.id=g1_0.user_id 
    left join
        user_roles r1_0 
            on u1_0.id=r1_0.user_id 
    left join
        roles r1_1 
            on r1_1.id=r1_0.role_id 
    where
        g1_0.id=?
2026-04-06 11:57:31 [main] DEBUG org.hibernate.SQL - 
    select
        p1_0.id,
        p1_0.amount,
        p1_0.booking_id,
        p1_0.created_at,
        p1_0.currency,
        p1_0.payment_date,
        p1_0.payment_method,
        p1_0.payment_status,
        p1_0.razorpay_order_id,
        p1_0.razorpay_payment_id,
        p1_0.razorpay_signature,
        p1_0.refund_amount,
        p1_0.refund_id,
        p1_0.refunded_at,
        p1_0.updated_at,
        p1_0.user_id 
    from
        payments p1_0 
    where
        p1_0.booking_id=?
2026-04-06 11:57:31 [main] DEBUG org.hibernate.SQL - 
    select
        r1_0.id,
        r1_0.booking_id,
        r1_0.created_at,
        r1_0.guide_id,
        r1_0.helpful_count,
        r1_0.is_public,
        r1_0.rating,
        r1_0.review_text,
        r1_0.updated_at,
        r1_0.user_id 
    from
        reviews r1_0 
    where
        r1_0.booking_id=?
2026-04-06 11:57:31 [main] DEBUG org.hibernate.SQL - 
    select
        u1_0.id,
        u1_0.created_at,
        u1_0.email,
        u1_0.email_verified,
        u1_0.first_name,
        g1_0.id,
        g1_0.aadhar_number,
        g1_0.aadhar_verified,
        g1_0.admin_notes,
        g1_0.approved_at,
        g1_0.approved_by,
        g1_0.average_rating,
        g1_0.bio,
        g1_0.city,
        g1_0.created_at,
        g1_0.daily_rate,
        g1_0.experience_years,
        g1_0.expertise_areas,
        g1_0.hourly_rate,
        g1_0.is_approved,
        g1_0.is_available,
        g1_0.is_verified,
        g1_0.languages,
        g1_0.rejection_reason,
        g1_0.state,
        g1_0.total_bookings,
        g1_0.total_reviews,
        g1_0.updated_at,
        g1_0.user_id,
        g1_0.verification_documents,
        u1_0.is_active,
        u1_0.last_login,
        u1_0.last_name,
        u1_0.password_hash,
        u1_0.phone,
        u1_0.phone_verified,
        u1_0.profile_image_url,
        r1_0.user_id,
        r1_1.id,
        r1_1.created_at,
        r1_1.description,
        r1_1.name,
        r1_1.updated_at,
        u1_0.updated_at 
    from
        users u1_0 
    left join
        guides g1_0 
            on u1_0.id=g1_0.user_id 
    left join
        user_roles r1_0 
            on u1_0.id=r1_0.user_id 
    left join
        roles r1_1 
            on r1_1.id=r1_0.role_id 
    where
        u1_0.id=?
2026-04-06 11:57:31 [main] DEBUG org.hibernate.SQL - 
    select
        g1_0.id,
        g1_0.aadhar_number,
        g1_0.aadhar_verified,
        g1_0.admin_notes,
        g1_0.approved_at,
        g1_0.approved_by,
        g1_0.average_rating,
        g1_0.bio,
        g1_0.city,
        g1_0.created_at,
        g1_0.daily_rate,
        g1_0.experience_years,
        g1_0.expertise_areas,
        g1_0.hourly_rate,
        g1_0.is_approved,
        g1_0.is_available,
        g1_0.is_verified,
        g1_0.languages,
        g1_0.rejection_reason,
        g1_0.state,
        g1_0.total_bookings,
        g1_0.total_reviews,
        g1_0.updated_at,
        g1_0.user_id,
        u1_0.id,
        u1_0.created_at,
        u1_0.email,
        u1_0.email_verified,
        u1_0.first_name,
        u1_0.is_active,
        u1_0.last_login,
        u1_0.last_name,
        u1_0.password_hash,
        u1_0.phone,
        u1_0.phone_verified,
        u1_0.profile_image_url,
        r1_0.user_id,
        r1_1.id,
        r1_1.created_at,
        r1_1.description,
        r1_1.name,
        r1_1.updated_at,
        u1_0.updated_at,
        g1_0.verification_documents 
    from
        guides g1_0 
    join
        users u1_0 
            on u1_0.id=g1_0.user_id 
    left join
        user_roles r1_0 
            on u1_0.id=r1_0.user_id 
    left join
        roles r1_1 
            on r1_1.id=r1_0.role_id 
    where
        g1_0.id=?
2026-04-06 11:57:31 [main] DEBUG org.hibernate.SQL - 
    select
        p1_0.id,
        p1_0.amount,
        p1_0.booking_id,
        p1_0.created_at,
        p1_0.currency,
        p1_0.payment_date,
        p1_0.payment_method,
        p1_0.payment_status,
        p1_0.razorpay_order_id,
        p1_0.razorpay_payment_id,
        p1_0.razorpay_signature,
        p1_0.refund_amount,
        p1_0.refund_id,
        p1_0.refunded_at,
        p1_0.updated_at,
        p1_0.user_id 
    from
        payments p1_0 
    where
        p1_0.booking_id=?
2026-04-06 11:57:31 [main] DEBUG org.hibernate.SQL - 
    select
        r1_0.id,
        r1_0.booking_id,
        r1_0.created_at,
        r1_0.guide_id,
        r1_0.helpful_count,
        r1_0.is_public,
        r1_0.rating,
        r1_0.review_text,
        r1_0.updated_at,
        r1_0.user_id 
    from
        reviews r1_0 
    where
        r1_0.booking_id=?
2026-04-06 11:57:31 [main] DEBUG org.hibernate.SQL - 
    select
        b1_0.id,
        b1_0.cancellation_reason,
        b1_0.created_at,
        b1_0.end_date,
        b1_0.end_time,
        b1_0.guide_id,
        b1_0.guide_earnings,
        b1_0.platform_fee,
        b1_0.razorpay_order_id,
        b1_0.special_requirements,
        b1_0.start_date,
        b1_0.start_time,
        b1_0.status,
        b1_0.total_amount,
        b1_0.updated_at,
        b1_0.user_id 
    from
        bookings b1_0 
    left join
        users u1_0 
            on u1_0.id=b1_0.user_id 
    where
        u1_0.id=? 
        and b1_0.status=?
2026-04-06 11:57:31 [main] DEBUG org.hibernate.SQL - 
    select
        g1_0.id,
        g1_0.aadhar_number,
        g1_0.aadhar_verified,
        g1_0.admin_notes,
        g1_0.approved_at,
        g1_0.approved_by,
        g1_0.average_rating,
        g1_0.bio,
        g1_0.city,
        g1_0.created_at,
        g1_0.daily_rate,
        g1_0.experience_years,
        g1_0.expertise_areas,
        g1_0.hourly_rate,
        g1_0.is_approved,
        g1_0.is_available,
        g1_0.is_verified,
        g1_0.languages,
        g1_0.rejection_reason,
        g1_0.state,
        g1_0.total_bookings,
        g1_0.total_reviews,
        g1_0.updated_at,
        g1_0.user_id,
        u1_0.id,
        u1_0.created_at,
        u1_0.email,
        u1_0.email_verified,
        u1_0.first_name,
        u1_0.is_active,
        u1_0.last_login,
        u1_0.last_name,
        u1_0.password_hash,
        u1_0.phone,
        u1_0.phone_verified,
        u1_0.profile_image_url,
        r1_0.user_id,
        r1_1.id,
        r1_1.created_at,
        r1_1.description,
        r1_1.name,
        r1_1.updated_at,
        u1_0.updated_at,
        g1_0.verification_documents 
    from
        guides g1_0 
    join
        users u1_0 
            on u1_0.id=g1_0.user_id 
    left join
        user_roles r1_0 
            on u1_0.id=r1_0.user_id 
    left join
        roles r1_1 
            on r1_1.id=r1_0.role_id 
    where
        g1_0.id=?
2026-04-06 11:57:31 [main] DEBUG org.hibernate.SQL - 
    select
        p1_0.id,
        p1_0.amount,
        p1_0.booking_id,
        p1_0.created_at,
        p1_0.currency,
        p1_0.payment_date,
        p1_0.payment_method,
        p1_0.payment_status,
        p1_0.razorpay_order_id,
        p1_0.razorpay_payment_id,
        p1_0.razorpay_signature,
        p1_0.refund_amount,
        p1_0.refund_id,
        p1_0.refunded_at,
        p1_0.updated_at,
        p1_0.user_id 
    from
        payments p1_0 
    where
        p1_0.booking_id=?
2026-04-06 11:57:31 [main] DEBUG org.hibernate.SQL - 
    select
        r1_0.id,
        r1_0.booking_id,
        r1_0.created_at,
        r1_0.guide_id,
        r1_0.helpful_count,
        r1_0.is_public,
        r1_0.rating,
        r1_0.review_text,
        r1_0.updated_at,
        r1_0.user_id 
    from
        reviews r1_0 
    where
        r1_0.booking_id=?
2026-04-06 11:57:31 [main] DEBUG org.hibernate.SQL - 
    select
        u1_0.id,
        u1_0.created_at,
        u1_0.email,
        u1_0.email_verified,
        u1_0.first_name,
        g1_0.id,
        g1_0.aadhar_number,
        g1_0.aadhar_verified,
        g1_0.admin_notes,
        g1_0.approved_at,
        g1_0.approved_by,
        g1_0.average_rating,
        g1_0.bio,
        g1_0.city,
        g1_0.created_at,
        g1_0.daily_rate,
        g1_0.experience_years,
        g1_0.expertise_areas,
        g1_0.hourly_rate,
        g1_0.is_approved,
        g1_0.is_available,
        g1_0.is_verified,
        g1_0.languages,
        g1_0.rejection_reason,
        g1_0.state,
        g1_0.total_bookings,
        g1_0.total_reviews,
        g1_0.updated_at,
        g1_0.user_id,
        g1_0.verification_documents,
        u1_0.is_active,
        u1_0.last_login,
        u1_0.last_name,
        u1_0.password_hash,
        u1_0.phone,
        u1_0.phone_verified,
        u1_0.profile_image_url,
        r1_0.user_id,
        r1_1.id,
        r1_1.created_at,
        r1_1.description,
        r1_1.name,
        r1_1.updated_at,
        u1_0.updated_at 
    from
        users u1_0 
    left join
        guides g1_0 
            on u1_0.id=g1_0.user_id 
    left join
        user_roles r1_0 
            on u1_0.id=r1_0.user_id 
    left join
        roles r1_1 
            on r1_1.id=r1_0.role_id 
    where
        u1_0.id=?
2026-04-06 11:57:31 [main] DEBUG org.hibernate.SQL - 
    select
        b1_0.id,
        b1_0.cancellation_reason,
        b1_0.created_at,
        b1_0.end_date,
        b1_0.end_time,
        b1_0.guide_id,
        b1_0.guide_earnings,
        b1_0.platform_fee,
        b1_0.razorpay_order_id,
        b1_0.special_requirements,
        b1_0.start_date,
        b1_0.start_time,
        b1_0.status,
        b1_0.total_amount,
        b1_0.updated_at,
        b1_0.user_id 
    from
        bookings b1_0 
    left join
        users u1_0 
            on u1_0.id=b1_0.user_id 
    where
        u1_0.id=? 
        and b1_0.status=?
2026-04-06 11:57:31 [main] DEBUG org.hibernate.SQL - 
    select
        g1_0.id,
        g1_0.aadhar_number,
        g1_0.aadhar_verified,
        g1_0.admin_notes,
        g1_0.approved_at,
        g1_0.approved_by,
        g1_0.average_rating,
        g1_0.bio,
        g1_0.city,
        g1_0.created_at,
        g1_0.daily_rate,
        g1_0.experience_years,
        g1_0.expertise_areas,
        g1_0.hourly_rate,
        g1_0.is_approved,
        g1_0.is_available,
        g1_0.is_verified,
        g1_0.languages,
        g1_0.rejection_reason,
        g1_0.state,
        g1_0.total_bookings,
        g1_0.total_reviews,
        g1_0.updated_at,
        g1_0.user_id,
        u1_0.id,
        u1_0.created_at,
        u1_0.email,
        u1_0.email_verified,
        u1_0.first_name,
        u1_0.is_active,
        u1_0.last_login,
        u1_0.last_name,
        u1_0.password_hash,
        u1_0.phone,
        u1_0.phone_verified,
        u1_0.profile_image_url,
        r1_0.user_id,
        r1_1.id,
        r1_1.created_at,
        r1_1.description,
        r1_1.name,
        r1_1.updated_at,
        u1_0.updated_at,
        g1_0.verification_documents 
    from
        guides g1_0 
    join
        users u1_0 
            on u1_0.id=g1_0.user_id 
    left join
        user_roles r1_0 
            on u1_0.id=r1_0.user_id 
    left join
        roles r1_1 
            on r1_1.id=r1_0.role_id 
    where
        g1_0.id=?
2026-04-06 11:57:31 [main] DEBUG org.hibernate.SQL - 
    select
        p1_0.id,
        p1_0.amount,
        p1_0.booking_id,
        p1_0.created_at,
        p1_0.currency,
        p1_0.payment_date,
        p1_0.payment_method,
        p1_0.payment_status,
        p1_0.razorpay_order_id,
        p1_0.razorpay_payment_id,
        p1_0.razorpay_signature,
        p1_0.refund_amount,
        p1_0.refund_id,
        p1_0.refunded_at,
        p1_0.updated_at,
        p1_0.user_id 
    from
        payments p1_0 
    where
        p1_0.booking_id=?
2026-04-06 11:57:31 [main] DEBUG org.hibernate.SQL - 
    select
        r1_0.id,
        r1_0.booking_id,
        r1_0.created_at,
        r1_0.guide_id,
        r1_0.helpful_count,
        r1_0.is_public,
        r1_0.rating,
        r1_0.review_text,
        r1_0.updated_at,
        r1_0.user_id 
    from
        reviews r1_0 
    where
        r1_0.booking_id=?
2026-04-06 11:57:31 [main] DEBUG org.hibernate.SQL - 
    select
        u1_0.id,
        u1_0.created_at,
        u1_0.email,
        u1_0.email_verified,
        u1_0.first_name,
        g1_0.id,
        g1_0.aadhar_number,
        g1_0.aadhar_verified,
        g1_0.admin_notes,
        g1_0.approved_at,
        g1_0.approved_by,
        g1_0.average_rating,
        g1_0.bio,
        g1_0.city,
        g1_0.created_at,
        g1_0.daily_rate,
        g1_0.experience_years,
        g1_0.expertise_areas,
        g1_0.hourly_rate,
        g1_0.is_approved,
        g1_0.is_available,
        g1_0.is_verified,
        g1_0.languages,
        g1_0.rejection_reason,
        g1_0.state,
        g1_0.total_bookings,
        g1_0.total_reviews,
        g1_0.updated_at,
        g1_0.user_id,
        g1_0.verification_documents,
        u1_0.is_active,
        u1_0.last_login,
        u1_0.last_name,
        u1_0.password_hash,
        u1_0.phone,
        u1_0.phone_verified,
        u1_0.profile_image_url,
        r1_0.user_id,
        r1_1.id,
        r1_1.created_at,
        r1_1.description,
        r1_1.name,
        r1_1.updated_at,
        u1_0.updated_at 
    from
        users u1_0 
    left join
        guides g1_0 
            on u1_0.id=g1_0.user_id 
    left join
        user_roles r1_0 
            on u1_0.id=r1_0.user_id 
    left join
        roles r1_1 
            on r1_1.id=r1_0.role_id 
    where
        u1_0.id=?
2026-04-06 11:57:31 [main] DEBUG org.hibernate.SQL - 
    select
        b1_0.id,
        b1_0.cancellation_reason,
        b1_0.created_at,
        b1_0.end_date,
        b1_0.end_time,
        b1_0.guide_id,
        b1_0.guide_earnings,
        b1_0.platform_fee,
        b1_0.razorpay_order_id,
        b1_0.special_requirements,
        b1_0.start_date,
        b1_0.start_time,
        b1_0.status,
        b1_0.total_amount,
        b1_0.updated_at,
        b1_0.user_id 
    from
        bookings b1_0 
    left join
        users u1_0 
            on u1_0.id=b1_0.user_id 
    where
        u1_0.id=? 
        and b1_0.status=?
2026-04-06 11:57:31 [main] DEBUG org.hibernate.SQL - 
    select
        g1_0.id,
        g1_0.aadhar_number,
        g1_0.aadhar_verified,
        g1_0.admin_notes,
        g1_0.approved_at,
        g1_0.approved_by,
        g1_0.average_rating,
        g1_0.bio,
        g1_0.city,
        g1_0.created_at,
        g1_0.daily_rate,
        g1_0.experience_years,
        g1_0.expertise_areas,
        g1_0.hourly_rate,
        g1_0.is_approved,
        g1_0.is_available,
        g1_0.is_verified,
        g1_0.languages,
        g1_0.rejection_reason,
        g1_0.state,
        g1_0.total_bookings,
        g1_0.total_reviews,
        g1_0.updated_at,
        g1_0.user_id,
        u1_0.id,
        u1_0.created_at,
        u1_0.email,
        u1_0.email_verified,
        u1_0.first_name,
        u1_0.is_active,
        u1_0.last_login,
        u1_0.last_name,
        u1_0.password_hash,
        u1_0.phone,
        u1_0.phone_verified,
        u1_0.profile_image_url,
        r1_0.user_id,
        r1_1.id,
        r1_1.created_at,
        r1_1.description,
        r1_1.name,
        r1_1.updated_at,
        u1_0.updated_at,
        g1_0.verification_documents 
    from
        guides g1_0 
    join
        users u1_0 
            on u1_0.id=g1_0.user_id 
    left join
        user_roles r1_0 
            on u1_0.id=r1_0.user_id 
    left join
        roles r1_1 
            on r1_1.id=r1_0.role_id 
    where
        g1_0.id=?
2026-04-06 11:57:31 [main] DEBUG org.hibernate.SQL - 
    select
        p1_0.id,
        p1_0.amount,
        p1_0.booking_id,
        p1_0.created_at,
        p1_0.currency,
        p1_0.payment_date,
        p1_0.payment_method,
        p1_0.payment_status,
        p1_0.razorpay_order_id,
        p1_0.razorpay_payment_id,
        p1_0.razorpay_signature,
        p1_0.refund_amount,
        p1_0.refund_id,
        p1_0.refunded_at,
        p1_0.updated_at,
        p1_0.user_id 
    from
        payments p1_0 
    where
        p1_0.booking_id=?
2026-04-06 11:57:31 [main] DEBUG org.hibernate.SQL - 
    select
        r1_0.id,
        r1_0.booking_id,
        r1_0.created_at,
        r1_0.guide_id,
        r1_0.helpful_count,
        r1_0.is_public,
        r1_0.rating,
        r1_0.review_text,
        r1_0.updated_at,
        r1_0.user_id 
    from
        reviews r1_0 
    where
        r1_0.booking_id=?
2026-04-06 11:57:31 [main] DEBUG org.hibernate.SQL - 
    select
        u1_0.id,
        u1_0.created_at,
        u1_0.email,
        u1_0.email_verified,
        u1_0.first_name,
        g1_0.id,
        g1_0.aadhar_number,
        g1_0.aadhar_verified,
        g1_0.admin_notes,
        g1_0.approved_at,
        g1_0.approved_by,
        g1_0.average_rating,
        g1_0.bio,
        g1_0.city,
        g1_0.created_at,
        g1_0.daily_rate,
        g1_0.experience_years,
        g1_0.expertise_areas,
        g1_0.hourly_rate,
        g1_0.is_approved,
        g1_0.is_available,
        g1_0.is_verified,
        g1_0.languages,
        g1_0.rejection_reason,
        g1_0.state,
        g1_0.total_bookings,
        g1_0.total_reviews,
        g1_0.updated_at,
        g1_0.user_id,
        g1_0.verification_documents,
        u1_0.is_active,
        u1_0.last_login,
        u1_0.last_name,
        u1_0.password_hash,
        u1_0.phone,
        u1_0.phone_verified,
        u1_0.profile_image_url,
        r1_0.user_id,
        r1_1.id,
        r1_1.created_at,
        r1_1.description,
        r1_1.name,
        r1_1.updated_at,
        u1_0.updated_at 
    from
        users u1_0 
    left join
        guides g1_0 
            on u1_0.id=g1_0.user_id 
    left join
        user_roles r1_0 
            on u1_0.id=r1_0.user_id 
    left join
        roles r1_1 
            on r1_1.id=r1_0.role_id 
    where
        u1_0.id=?
2026-04-06 11:57:31 [main] DEBUG org.hibernate.SQL - 
    select
        s1_0.id,
        s1_0.comments_count,
        s1_0.content,
        s1_0.created_at,
        s1_0.guide_id,
        s1_0.images,
        s1_0.is_public,
        s1_0.likes_count,
        s1_0.location,
        s1_0.tags,
        s1_0.title,
        s1_0.updated_at,
        s1_0.views_count 
    from
        stories s1_0 
    left join
        guides g1_0 
            on g1_0.id=s1_0.guide_id 
    where
        g1_0.id=? 
    limit
        ?, ?
2026-04-06 11:57:31 [main] DEBUG org.hibernate.SQL - 
    select
        g1_0.id,
        g1_0.aadhar_number,
        g1_0.aadhar_verified,
        g1_0.admin_notes,
        g1_0.approved_at,
        g1_0.approved_by,
        g1_0.average_rating,
        g1_0.bio,
        g1_0.city,
        g1_0.created_at,
        g1_0.daily_rate,
        g1_0.experience_years,
        g1_0.expertise_areas,
        g1_0.hourly_rate,
        g1_0.is_approved,
        g1_0.is_available,
        g1_0.is_verified,
        g1_0.languages,
        g1_0.rejection_reason,
        g1_0.state,
        g1_0.total_bookings,
        g1_0.total_reviews,
        g1_0.updated_at,
        g1_0.user_id,
        u1_0.id,
        u1_0.created_at,
        u1_0.email,
        u1_0.email_verified,
        u1_0.first_name,
        u1_0.is_active,
        u1_0.last_login,
        u1_0.last_name,
        u1_0.password_hash,
        u1_0.phone,
        u1_0.phone_verified,
        u1_0.profile_image_url,
        r1_0.user_id,
        r1_1.id,
        r1_1.created_at,
        r1_1.description,
        r1_1.name,
        r1_1.updated_at,
        u1_0.updated_at,
        g1_0.verification_documents 
    from
        guides g1_0 
    join
        users u1_0 
            on u1_0.id=g1_0.user_id 
    left join
        user_roles r1_0 
            on u1_0.id=r1_0.user_id 
    left join
        roles r1_1 
            on r1_1.id=r1_0.role_id 
    where
        g1_0.id=?
2026-04-06 11:57:31 [main] DEBUG org.hibernate.SQL - 
    select
        count(s1_0.id) 
    from
        stories s1_0 
    left join
        guides g1_0 
            on g1_0.id=s1_0.guide_id 
    where
        g1_0.id=?
2026-04-06 11:58:31 [MessageBroker-1] INFO  o.s.w.s.c.WebSocketMessageBrokerStats - WebSocketSession[0 current WS(0)-HttpStream(0)-HttpPoll(0), 0 total, 0 closed abnormally (0 connect failure, 0 send limit, 0 transport error)], stompSubProtocol[processed CONNECT(0)-CONNECTED(0)-DISCONNECT(0)], stompBrokerRelay[null], inboundChannel[pool size = 0, active threads = 0, queued tasks = 0, completed tasks = 0], outboundChannel[pool size = 0, active threads = 0, queued tasks = 0, completed tasks = 0], sockJsScheduler[pool size = 1, active threads = 1, queued tasks = 0, completed tasks = 0]
